#! /apps/vlsi/tools/iverilog/12.0/bin/vvp
:ivl_version "14.0 (devel)" "(s20251012-145-g9b0d46b4b)";
:ivl_delay_selection "TYPICAL";
:vpi_time_precision - 12;
:vpi_module "/apps/vlsi/tools/iverilog/12.0/lib/ivl/system.vpi";
:vpi_module "/apps/vlsi/tools/iverilog/12.0/lib/ivl/vhdl_sys.vpi";
:vpi_module "/apps/vlsi/tools/iverilog/12.0/lib/ivl/vhdl_textio.vpi";
:vpi_module "/apps/vlsi/tools/iverilog/12.0/lib/ivl/v2005_math.vpi";
:vpi_module "/apps/vlsi/tools/iverilog/12.0/lib/ivl/va_math.vpi";
:vpi_module "/apps/vlsi/tools/iverilog/12.0/lib/ivl/v2009.vpi";
S_0x55e448e3e640 .scope package, "$unit" "$unit" 2 1;
 .timescale 0 0;
S_0x55e448e37650 .scope module, "tb_top" "tb_top" 3 2;
 .timescale -9 -12;
v0x55e448e6a7b0_0 .var "clk", 0 0;
v0x55e448e6a850_0 .var "reset", 0 0;
v0x55e448e6a910_0 .net "uart_tx", 0 0, v0x55e448e67df0_0;  1 drivers
E_0x55e448e1cf20 .event posedge, v0x55e448e63610_0;
S_0x55e448e3af10 .scope module, "dut" "top_sim" 3 6, 4 1 0, S_0x55e448e37650;
 .timescale 0 0;
    .port_info 0 /INPUT 1 "clk";
    .port_info 1 /INPUT 1 "reset";
    .port_info 2 /OUTPUT 1 "uart_tx";
L_0x55e448e45530 .functor NOT 1, v0x55e448e6a850_0, C4<0>, C4<0>, C4<0>;
v0x55e448e68ce0_0 .net "clk", 0 0, v0x55e448e6a7b0_0;  1 drivers
v0x55e448e68da0_0 .net "mem_addr", 31 0, v0x55e448e654d0_0;  1 drivers
v0x55e448e68e60_0 .net "mem_rdata", 31 0, L_0x55e448e7b8d0;  1 drivers
v0x55e448e68f00_0 .net "mem_ready", 0 0, L_0x55e448e7b580;  1 drivers
v0x55e448e68ff0_0 .net "mem_valid", 0 0, v0x55e448e656b0_0;  1 drivers
v0x55e448e69130_0 .net "mem_wdata", 31 0, v0x55e448e657a0_0;  1 drivers
v0x55e448e69240_0 .net "mem_wstrb", 3 0, v0x55e448e65840_0;  1 drivers
v0x55e448e69350_0 .net "reset", 0 0, v0x55e448e6a850_0;  1 drivers
v0x55e448e69410_0 .net "resetn", 0 0, L_0x55e448e45530;  1 drivers
v0x55e448e69540_0 .net "rom_addr", 31 0, L_0x55e448e47550;  1 drivers
v0x55e448e69600_0 .net "rom_rdata", 31 0, v0x55e448e65fb0_0;  1 drivers
v0x55e448e69710_0 .net "rom_ready", 0 0, v0x55e448e66080_0;  1 drivers
v0x55e448e69800_0 .net "rom_valid", 0 0, L_0x55e448e440d0;  1 drivers
v0x55e448e698f0_0 .net "sram_addr", 31 0, L_0x55e448e475c0;  1 drivers
v0x55e448e69a00_0 .net "sram_rdata", 31 0, v0x55e448e66a10_0;  1 drivers
v0x55e448e69b10_0 .net "sram_ready", 0 0, v0x55e448e66ab0_0;  1 drivers
v0x55e448e69c00_0 .net "sram_valid", 0 0, L_0x55e448e41db0;  1 drivers
v0x55e448e69e00_0 .net "sram_wdata", 31 0, L_0x55e448e7afe0;  1 drivers
v0x55e448e69f10_0 .net "sram_wstrb", 3 0, L_0x55e448e7b090;  1 drivers
v0x55e448e6a020_0 .net "uart_addr", 31 0, L_0x55e448e7b100;  1 drivers
v0x55e448e6a130_0 .net "uart_rdata", 31 0, v0x55e448e68380_0;  1 drivers
v0x55e448e6a240_0 .net "uart_ready", 0 0, v0x55e448e68450_0;  1 drivers
v0x55e448e6a330_0 .net "uart_tx", 0 0, v0x55e448e67df0_0;  alias, 1 drivers
v0x55e448e6a420_0 .net "uart_valid", 0 0, L_0x55e448e3e5d0;  1 drivers
v0x55e448e6a510_0 .net "uart_wdata", 31 0, L_0x55e448e7b2d0;  1 drivers
v0x55e448e6a620_0 .net "uart_wstrb", 3 0, L_0x55e448e7b340;  1 drivers
S_0x55e448e3ab80 .scope module, "u_bridge" "mem_bridge" 4 23, 5 1 0, S_0x55e448e3af10;
 .timescale 0 0;
    .port_info 0 /INPUT 1 "clk";
    .port_info 1 /INPUT 1 "resetn";
    .port_info 2 /INPUT 1 "mem_valid";
    .port_info 3 /OUTPUT 1 "mem_ready";
    .port_info 4 /INPUT 32 "mem_addr";
    .port_info 5 /INPUT 32 "mem_wdata";
    .port_info 6 /INPUT 4 "mem_wstrb";
    .port_info 7 /OUTPUT 32 "mem_rdata";
    .port_info 8 /OUTPUT 1 "rom_valid";
    .port_info 9 /INPUT 1 "rom_ready";
    .port_info 10 /OUTPUT 32 "rom_addr";
    .port_info 11 /INPUT 32 "rom_rdata";
    .port_info 12 /OUTPUT 1 "sram_valid";
    .port_info 13 /INPUT 1 "sram_ready";
    .port_info 14 /OUTPUT 32 "sram_addr";
    .port_info 15 /OUTPUT 32 "sram_wdata";
    .port_info 16 /OUTPUT 4 "sram_wstrb";
    .port_info 17 /INPUT 32 "sram_rdata";
    .port_info 18 /OUTPUT 1 "uart_valid";
    .port_info 19 /INPUT 1 "uart_ready";
    .port_info 20 /OUTPUT 32 "uart_addr";
    .port_info 21 /OUTPUT 32 "uart_wdata";
    .port_info 22 /OUTPUT 4 "uart_wstrb";
    .port_info 23 /INPUT 32 "uart_rdata";
L_0x55e448e440d0 .functor AND 1, v0x55e448e656b0_0, L_0x55e448e7aab0, C4<1>, C4<1>;
L_0x55e448e41db0 .functor AND 1, v0x55e448e656b0_0, L_0x55e448e7abf0, C4<1>, C4<1>;
L_0x55e448e3e5d0 .functor AND 1, v0x55e448e656b0_0, L_0x55e448e7ad30, C4<1>, C4<1>;
L_0x55e448e47550 .functor BUFZ 32, v0x55e448e654d0_0, C4<00000000000000000000000000000000>, C4<00000000000000000000000000000000>, C4<00000000000000000000000000000000>;
L_0x55e448e475c0 .functor BUFZ 32, v0x55e448e654d0_0, C4<00000000000000000000000000000000>, C4<00000000000000000000000000000000>, C4<00000000000000000000000000000000>;
L_0x55e448e7afe0 .functor BUFZ 32, v0x55e448e657a0_0, C4<00000000000000000000000000000000>, C4<00000000000000000000000000000000>, C4<00000000000000000000000000000000>;
L_0x55e448e7b090 .functor BUFZ 4, v0x55e448e65840_0, C4<0000>, C4<0000>, C4<0000>;
L_0x55e448e7b100 .functor BUFZ 32, v0x55e448e654d0_0, C4<00000000000000000000000000000000>, C4<00000000000000000000000000000000>, C4<00000000000000000000000000000000>;
L_0x55e448e7b2d0 .functor BUFZ 32, v0x55e448e657a0_0, C4<00000000000000000000000000000000>, C4<00000000000000000000000000000000>, C4<00000000000000000000000000000000>;
L_0x55e448e7b340 .functor BUFZ 4, v0x55e448e65840_0, C4<0000>, C4<0000>, C4<0000>;
L_0x55e448e7b4a0 .functor AND 1, L_0x55e448e7aab0, v0x55e448e66080_0, C4<1>, C4<1>;
L_0x55e448e7b510 .functor AND 1, L_0x55e448e7abf0, v0x55e448e66ab0_0, C4<1>, C4<1>;
L_0x55e448e7b5f0 .functor OR 1, L_0x55e448e7b4a0, L_0x55e448e7b510, C4<0>, C4<0>;
L_0x55e448e7b660 .functor AND 1, L_0x55e448e7ad30, v0x55e448e68450_0, C4<1>, C4<1>;
L_0x55e448e7b580 .functor OR 1, L_0x55e448e7b5f0, L_0x55e448e7b660, C4<0>, C4<0>;
v0x55e448e456e0_0 .net *"_ivl_1", 15 0, L_0x55e448e6aa00;  1 drivers
v0x55e448e44220_0 .net *"_ivl_13", 15 0, L_0x55e448e7ac90;  1 drivers
L_0x7f98c2b5d0a8 .functor BUFT 1, C4<0001000000000000>, C4<0>, C4<0>, C4<0>;
v0x55e448e442c0_0 .net/2u *"_ivl_14", 15 0, L_0x7f98c2b5d0a8;  1 drivers
L_0x7f98c2b5d018 .functor BUFT 1, C4<0000000000000000>, C4<0>, C4<0>, C4<0>;
v0x55e448e41ec0_0 .net/2u *"_ivl_2", 15 0, L_0x7f98c2b5d018;  1 drivers
v0x55e448e41f60_0 .net *"_ivl_38", 0 0, L_0x55e448e7b4a0;  1 drivers
v0x55e448e3f4d0_0 .net *"_ivl_40", 0 0, L_0x55e448e7b510;  1 drivers
v0x55e448e3f570_0 .net *"_ivl_42", 0 0, L_0x55e448e7b5f0;  1 drivers
v0x55e448e63290_0 .net *"_ivl_44", 0 0, L_0x55e448e7b660;  1 drivers
v0x55e448e63370_0 .net *"_ivl_48", 31 0, L_0x55e448e7b7a0;  1 drivers
v0x55e448e63450_0 .net *"_ivl_7", 15 0, L_0x55e448e7ab50;  1 drivers
L_0x7f98c2b5d060 .functor BUFT 1, C4<0000000000000001>, C4<0>, C4<0>, C4<0>;
v0x55e448e63530_0 .net/2u *"_ivl_8", 15 0, L_0x7f98c2b5d060;  1 drivers
v0x55e448e63610_0 .net "clk", 0 0, v0x55e448e6a7b0_0;  alias, 1 drivers
v0x55e448e636d0_0 .net "mem_addr", 31 0, v0x55e448e654d0_0;  alias, 1 drivers
v0x55e448e637b0_0 .net "mem_rdata", 31 0, L_0x55e448e7b8d0;  alias, 1 drivers
v0x55e448e63890_0 .net "mem_ready", 0 0, L_0x55e448e7b580;  alias, 1 drivers
v0x55e448e63950_0 .net "mem_valid", 0 0, v0x55e448e656b0_0;  alias, 1 drivers
v0x55e448e63a10_0 .net "mem_wdata", 31 0, v0x55e448e657a0_0;  alias, 1 drivers
v0x55e448e63af0_0 .net "mem_wstrb", 3 0, v0x55e448e65840_0;  alias, 1 drivers
v0x55e448e63bd0_0 .net "resetn", 0 0, L_0x55e448e45530;  alias, 1 drivers
v0x55e448e63c90_0 .net "rom_addr", 31 0, L_0x55e448e47550;  alias, 1 drivers
v0x55e448e63d70_0 .net "rom_rdata", 31 0, v0x55e448e65fb0_0;  alias, 1 drivers
v0x55e448e63e50_0 .net "rom_ready", 0 0, v0x55e448e66080_0;  alias, 1 drivers
v0x55e448e63f10_0 .net "rom_valid", 0 0, L_0x55e448e440d0;  alias, 1 drivers
v0x55e448e63fd0_0 .net "sel_rom", 0 0, L_0x55e448e7aab0;  1 drivers
v0x55e448e64090_0 .net "sel_sram", 0 0, L_0x55e448e7abf0;  1 drivers
v0x55e448e64150_0 .net "sel_uart", 0 0, L_0x55e448e7ad30;  1 drivers
v0x55e448e64210_0 .net "sram_addr", 31 0, L_0x55e448e475c0;  alias, 1 drivers
v0x55e448e642f0_0 .net "sram_rdata", 31 0, v0x55e448e66a10_0;  alias, 1 drivers
v0x55e448e643d0_0 .net "sram_ready", 0 0, v0x55e448e66ab0_0;  alias, 1 drivers
v0x55e448e64490_0 .net "sram_valid", 0 0, L_0x55e448e41db0;  alias, 1 drivers
v0x55e448e64550_0 .net "sram_wdata", 31 0, L_0x55e448e7afe0;  alias, 1 drivers
v0x55e448e64630_0 .net "sram_wstrb", 3 0, L_0x55e448e7b090;  alias, 1 drivers
v0x55e448e64710_0 .net "uart_addr", 31 0, L_0x55e448e7b100;  alias, 1 drivers
v0x55e448e64a00_0 .net "uart_rdata", 31 0, v0x55e448e68380_0;  alias, 1 drivers
v0x55e448e64ae0_0 .net "uart_ready", 0 0, v0x55e448e68450_0;  alias, 1 drivers
v0x55e448e64ba0_0 .net "uart_valid", 0 0, L_0x55e448e3e5d0;  alias, 1 drivers
v0x55e448e64c60_0 .net "uart_wdata", 31 0, L_0x55e448e7b2d0;  alias, 1 drivers
v0x55e448e64d40_0 .net "uart_wstrb", 3 0, L_0x55e448e7b340;  alias, 1 drivers
L_0x55e448e6aa00 .part v0x55e448e654d0_0, 16, 16;
L_0x55e448e7aab0 .cmp/eq 16, L_0x55e448e6aa00, L_0x7f98c2b5d018;
L_0x55e448e7ab50 .part v0x55e448e654d0_0, 16, 16;
L_0x55e448e7abf0 .cmp/eq 16, L_0x55e448e7ab50, L_0x7f98c2b5d060;
L_0x55e448e7ac90 .part v0x55e448e654d0_0, 16, 16;
L_0x55e448e7ad30 .cmp/eq 16, L_0x55e448e7ac90, L_0x7f98c2b5d0a8;
L_0x55e448e7b7a0 .functor MUXZ 32, v0x55e448e65fb0_0, v0x55e448e68380_0, L_0x55e448e7ad30, C4<>;
L_0x55e448e7b8d0 .functor MUXZ 32, L_0x55e448e7b7a0, v0x55e448e66a10_0, L_0x55e448e7abf0, C4<>;
S_0x55e448e651f0 .scope module, "u_cpu" "mock_cpu" 4 10, 6 1 0, S_0x55e448e3af10;
 .timescale 0 0;
    .port_info 0 /INPUT 1 "clk";
    .port_info 1 /INPUT 1 "resetn";
    .port_info 2 /OUTPUT 1 "mem_valid";
    .port_info 3 /INPUT 1 "mem_ready";
    .port_info 4 /OUTPUT 32 "mem_addr";
    .port_info 5 /OUTPUT 32 "mem_wdata";
    .port_info 6 /OUTPUT 4 "mem_wstrb";
    .port_info 7 /INPUT 32 "mem_rdata";
v0x55e448e65410_0 .net "clk", 0 0, v0x55e448e6a7b0_0;  alias, 1 drivers
v0x55e448e654d0_0 .var "mem_addr", 31 0;
v0x55e448e65570_0 .net "mem_rdata", 31 0, L_0x55e448e7b8d0;  alias, 1 drivers
v0x55e448e65610_0 .net "mem_ready", 0 0, L_0x55e448e7b580;  alias, 1 drivers
v0x55e448e656b0_0 .var "mem_valid", 0 0;
v0x55e448e657a0_0 .var "mem_wdata", 31 0;
v0x55e448e65840_0 .var "mem_wstrb", 3 0;
v0x55e448e658e0_0 .net "resetn", 0 0, L_0x55e448e45530;  alias, 1 drivers
v0x55e448e659b0_0 .var "state", 3 0;
E_0x55e448e1cab0/0 .event negedge, v0x55e448e63bd0_0;
E_0x55e448e1cab0/1 .event posedge, v0x55e448e63610_0;
E_0x55e448e1cab0 .event/or E_0x55e448e1cab0/0, E_0x55e448e1cab0/1;
S_0x55e448e65af0 .scope module, "u_rom" "rom_axi" 4 33, 7 3 0, S_0x55e448e3af10;
 .timescale 0 0;
    .port_info 0 /INPUT 1 "clk";
    .port_info 1 /INPUT 1 "rst_n";
    .port_info 2 /INPUT 1 "axi_valid";
    .port_info 3 /OUTPUT 1 "axi_ready";
    .port_info 4 /INPUT 32 "axi_addr";
    .port_info 5 /OUTPUT 32 "axi_rdata";
P_0x55e448e65cb0 .param/l "ADDR_WIDTH" 0 7 4, +C4<00000000000000000000000000001000>;
P_0x55e448e65cf0 .param/str "MEM_FILE" 0 7 5, "firmware.hex";
v0x55e448e65ea0_0 .net "axi_addr", 31 0, L_0x55e448e47550;  alias, 1 drivers
v0x55e448e65fb0_0 .var "axi_rdata", 31 0;
v0x55e448e66080_0 .var "axi_ready", 0 0;
v0x55e448e66180_0 .net "axi_valid", 0 0, L_0x55e448e440d0;  alias, 1 drivers
v0x55e448e66250_0 .net "clk", 0 0, v0x55e448e6a7b0_0;  alias, 1 drivers
v0x55e448e66390 .array "mem", 255 0, 7 0;
v0x55e448e66430_0 .net "rst_n", 0 0, L_0x55e448e45530;  alias, 1 drivers
v0x55e448e66520_0 .net "word_addr", 5 0, L_0x55e448e7ba50;  1 drivers
L_0x55e448e7ba50 .part L_0x55e448e47550, 2, 6;
S_0x55e448e66660 .scope module, "u_sram" "sram_axi" 4 37, 8 3 0, S_0x55e448e3af10;
 .timescale 0 0;
    .port_info 0 /INPUT 1 "clk";
    .port_info 1 /INPUT 1 "rst_n";
    .port_info 2 /INPUT 1 "axi_valid";
    .port_info 3 /OUTPUT 1 "axi_ready";
    .port_info 4 /INPUT 32 "axi_addr";
    .port_info 5 /INPUT 32 "axi_wdata";
    .port_info 6 /INPUT 4 "axi_wstrb";
    .port_info 7 /OUTPUT 32 "axi_rdata";
P_0x55e448e66840 .param/l "ADDR_WIDTH" 0 8 4, +C4<00000000000000000000000000001000>;
v0x55e448e66930_0 .net "axi_addr", 31 0, L_0x55e448e475c0;  alias, 1 drivers
v0x55e448e66a10_0 .var "axi_rdata", 31 0;
v0x55e448e66ab0_0 .var "axi_ready", 0 0;
v0x55e448e66bb0_0 .net "axi_valid", 0 0, L_0x55e448e41db0;  alias, 1 drivers
v0x55e448e66c80_0 .net "axi_wdata", 31 0, L_0x55e448e7afe0;  alias, 1 drivers
v0x55e448e66d70_0 .net "axi_wstrb", 3 0, L_0x55e448e7b090;  alias, 1 drivers
v0x55e448e66e40_0 .net "clk", 0 0, v0x55e448e6a7b0_0;  alias, 1 drivers
v0x55e448e66ee0 .array "mem", 255 0, 7 0;
v0x55e448e66f80_0 .net "rst_n", 0 0, L_0x55e448e45530;  alias, 1 drivers
v0x55e448e67020_0 .net "word_addr", 5 0, L_0x55e448e7bb80;  1 drivers
L_0x55e448e7bb80 .part L_0x55e448e475c0, 2, 6;
S_0x55e448e671a0 .scope module, "u_uart" "uart_axi" 4 42, 9 1 0, S_0x55e448e3af10;
 .timescale 0 0;
    .port_info 0 /INPUT 1 "clk";
    .port_info 1 /INPUT 1 "rst_n";
    .port_info 2 /INPUT 1 "axi_valid";
    .port_info 3 /OUTPUT 1 "axi_ready";
    .port_info 4 /INPUT 32 "axi_addr";
    .port_info 5 /INPUT 32 "axi_wdata";
    .port_info 6 /INPUT 4 "axi_wstrb";
    .port_info 7 /OUTPUT 32 "axi_rdata";
    .port_info 8 /OUTPUT 1 "uart_tx_pin";
v0x55e448e682a0_0 .net "axi_addr", 31 0, L_0x55e448e7b100;  alias, 1 drivers
v0x55e448e68380_0 .var "axi_rdata", 31 0;
v0x55e448e68450_0 .var "axi_ready", 0 0;
v0x55e448e68550_0 .net "axi_valid", 0 0, L_0x55e448e3e5d0;  alias, 1 drivers
v0x55e448e68620_0 .net "axi_wdata", 31 0, L_0x55e448e7b2d0;  alias, 1 drivers
v0x55e448e686c0_0 .net "axi_wstrb", 3 0, L_0x55e448e7b340;  alias, 1 drivers
v0x55e448e68790_0 .net "clk", 0 0, v0x55e448e6a7b0_0;  alias, 1 drivers
v0x55e448e68830_0 .net "rst_n", 0 0, L_0x55e448e45530;  alias, 1 drivers
v0x55e448e688d0_0 .net "tx_busy", 0 0, v0x55e448e67eb0_0;  1 drivers
v0x55e448e68a30_0 .var "tx_data", 7 0;
v0x55e448e68b00_0 .var "tx_start", 0 0;
v0x55e448e68bd0_0 .net "uart_tx_pin", 0 0, v0x55e448e67df0_0;  alias, 1 drivers
S_0x55e448e673d0 .scope module, "u_tx" "uart_tx" 9 15, 10 1 0, S_0x55e448e671a0;
 .timescale 0 0;
    .port_info 0 /INPUT 1 "clk";
    .port_info 1 /INPUT 1 "rst_n";
    .port_info 2 /INPUT 1 "tx_start";
    .port_info 3 /INPUT 8 "tx_data";
    .port_info 4 /OUTPUT 1 "tx_busy";
    .port_info 5 /OUTPUT 1 "tx";
P_0x55e448e675d0 .param/l "BAUD_RATE" 0 10 3, +C4<00000000000000011100001000000000>;
P_0x55e448e67610 .param/l "BIT_PERIOD" 1 10 12, +C4<00000000000000000000000110110010>;
P_0x55e448e67650 .param/l "CLK_FREQ" 0 10 2, +C4<00000010111110101111000010000000>;
v0x55e448e67950_0 .var "bit_idx", 3 0;
v0x55e448e67a50_0 .net "clk", 0 0, v0x55e448e6a7b0_0;  alias, 1 drivers
v0x55e448e67b10_0 .var "clk_cnt", 15 0;
v0x55e448e67be0_0 .net "rst_n", 0 0, L_0x55e448e45530;  alias, 1 drivers
v0x55e448e67d10_0 .var "shift_reg", 9 0;
v0x55e448e67df0_0 .var "tx", 0 0;
v0x55e448e67eb0_0 .var "tx_busy", 0 0;
v0x55e448e67f70_0 .net "tx_data", 7 0, v0x55e448e68a30_0;  1 drivers
v0x55e448e68050_0 .net "tx_start", 0 0, v0x55e448e68b00_0;  1 drivers
    .scope S_0x55e448e651f0;
T_0 ;
    %wait E_0x55e448e1cab0;
    %load/vec4 v0x55e448e658e0_0;
    %nor/r;
    %flag_set/vec4 8;
    %jmp/0xz  T_0.0, 8;
    %pushi/vec4 0, 0, 4;
    %assign/vec4 v0x55e448e659b0_0, 0;
    %pushi/vec4 0, 0, 1;
    %assign/vec4 v0x55e448e656b0_0, 0;
    %pushi/vec4 0, 0, 32;
    %assign/vec4 v0x55e448e654d0_0, 0;
    %pushi/vec4 0, 0, 32;
    %assign/vec4 v0x55e448e657a0_0, 0;
    %pushi/vec4 0, 0, 4;
    %assign/vec4 v0x55e448e65840_0, 0;
    %jmp T_0.1;
T_0.0 ;
    %load/vec4 v0x55e448e659b0_0;
    %dup/vec4;
    %pushi/vec4 0, 0, 4;
    %cmp/u;
    %jmp/1 T_0.2, 6;
    %dup/vec4;
    %pushi/vec4 1, 0, 4;
    %cmp/u;
    %jmp/1 T_0.3, 6;
    %dup/vec4;
    %pushi/vec4 2, 0, 4;
    %cmp/u;
    %jmp/1 T_0.4, 6;
    %dup/vec4;
    %pushi/vec4 3, 0, 4;
    %cmp/u;
    %jmp/1 T_0.5, 6;
    %dup/vec4;
    %pushi/vec4 4, 0, 4;
    %cmp/u;
    %jmp/1 T_0.6, 6;
    %dup/vec4;
    %pushi/vec4 5, 0, 4;
    %cmp/u;
    %jmp/1 T_0.7, 6;
    %dup/vec4;
    %pushi/vec4 6, 0, 4;
    %cmp/u;
    %jmp/1 T_0.8, 6;
    %dup/vec4;
    %pushi/vec4 7, 0, 4;
    %cmp/u;
    %jmp/1 T_0.9, 6;
    %pushi/vec4 0, 0, 1;
    %assign/vec4 v0x55e448e656b0_0, 0;
    %jmp T_0.11;
T_0.2 ;
    %pushi/vec4 0, 0, 32;
    %assign/vec4 v0x55e448e654d0_0, 0;
    %pushi/vec4 0, 0, 4;
    %assign/vec4 v0x55e448e65840_0, 0;
    %pushi/vec4 1, 0, 1;
    %assign/vec4 v0x55e448e656b0_0, 0;
    %load/vec4 v0x55e448e656b0_0;
    %flag_set/vec4 9;
    %flag_get/vec4 9;
    %jmp/0 T_0.14, 9;
    %load/vec4 v0x55e448e65610_0;
    %and;
T_0.14;
    %flag_set/vec4 8;
    %jmp/0xz  T_0.12, 8;
    %pushi/vec4 1, 0, 4;
    %assign/vec4 v0x55e448e659b0_0, 0;
T_0.12 ;
    %jmp T_0.11;
T_0.3 ;
    %pushi/vec4 0, 0, 1;
    %assign/vec4 v0x55e448e656b0_0, 0;
    %pushi/vec4 2, 0, 4;
    %assign/vec4 v0x55e448e659b0_0, 0;
    %jmp T_0.11;
T_0.4 ;
    %pushi/vec4 65536, 0, 32;
    %assign/vec4 v0x55e448e654d0_0, 0;
    %pushi/vec4 3735928559, 0, 32;
    %assign/vec4 v0x55e448e657a0_0, 0;
    %pushi/vec4 15, 0, 4;
    %assign/vec4 v0x55e448e65840_0, 0;
    %pushi/vec4 1, 0, 1;
    %assign/vec4 v0x55e448e656b0_0, 0;
    %load/vec4 v0x55e448e656b0_0;
    %flag_set/vec4 9;
    %flag_get/vec4 9;
    %jmp/0 T_0.17, 9;
    %load/vec4 v0x55e448e65610_0;
    %and;
T_0.17;
    %flag_set/vec4 8;
    %jmp/0xz  T_0.15, 8;
    %pushi/vec4 3, 0, 4;
    %assign/vec4 v0x55e448e659b0_0, 0;
T_0.15 ;
    %jmp T_0.11;
T_0.5 ;
    %pushi/vec4 0, 0, 1;
    %assign/vec4 v0x55e448e656b0_0, 0;
    %pushi/vec4 4, 0, 4;
    %assign/vec4 v0x55e448e659b0_0, 0;
    %jmp T_0.11;
T_0.6 ;
    %pushi/vec4 65536, 0, 32;
    %assign/vec4 v0x55e448e654d0_0, 0;
    %pushi/vec4 0, 0, 4;
    %assign/vec4 v0x55e448e65840_0, 0;
    %pushi/vec4 1, 0, 1;
    %assign/vec4 v0x55e448e656b0_0, 0;
    %load/vec4 v0x55e448e656b0_0;
    %flag_set/vec4 9;
    %flag_get/vec4 9;
    %jmp/0 T_0.20, 9;
    %load/vec4 v0x55e448e65610_0;
    %and;
T_0.20;
    %flag_set/vec4 8;
    %jmp/0xz  T_0.18, 8;
    %pushi/vec4 5, 0, 4;
    %assign/vec4 v0x55e448e659b0_0, 0;
T_0.18 ;
    %jmp T_0.11;
T_0.7 ;
    %pushi/vec4 0, 0, 1;
    %assign/vec4 v0x55e448e656b0_0, 0;
    %pushi/vec4 6, 0, 4;
    %assign/vec4 v0x55e448e659b0_0, 0;
    %jmp T_0.11;
T_0.8 ;
    %pushi/vec4 268435456, 0, 32;
    %assign/vec4 v0x55e448e654d0_0, 0;
    %pushi/vec4 65, 0, 32;
    %assign/vec4 v0x55e448e657a0_0, 0;
    %pushi/vec4 1, 0, 4;
    %assign/vec4 v0x55e448e65840_0, 0;
    %pushi/vec4 1, 0, 1;
    %assign/vec4 v0x55e448e656b0_0, 0;
    %load/vec4 v0x55e448e656b0_0;
    %flag_set/vec4 9;
    %flag_get/vec4 9;
    %jmp/0 T_0.23, 9;
    %load/vec4 v0x55e448e65610_0;
    %and;
T_0.23;
    %flag_set/vec4 8;
    %jmp/0xz  T_0.21, 8;
    %pushi/vec4 7, 0, 4;
    %assign/vec4 v0x55e448e659b0_0, 0;
T_0.21 ;
    %jmp T_0.11;
T_0.9 ;
    %pushi/vec4 0, 0, 1;
    %assign/vec4 v0x55e448e656b0_0, 0;
    %pushi/vec4 8, 0, 4;
    %assign/vec4 v0x55e448e659b0_0, 0;
    %jmp T_0.11;
T_0.11 ;
    %pop/vec4 1;
T_0.1 ;
    %jmp T_0;
    .thread T_0;
    .scope S_0x55e448e65af0;
T_1 ;
    %vpi_call/w 7 17 "$readmemh", P_0x55e448e65cf0, v0x55e448e66390 {0 0 0};
    %end;
    .thread T_1;
    .scope S_0x55e448e65af0;
T_2 ;
    %wait E_0x55e448e1cab0;
    %load/vec4 v0x55e448e66430_0;
    %nor/r;
    %flag_set/vec4 8;
    %jmp/0xz  T_2.0, 8;
    %pushi/vec4 0, 0, 1;
    %assign/vec4 v0x55e448e66080_0, 0;
    %pushi/vec4 0, 0, 32;
    %assign/vec4 v0x55e448e65fb0_0, 0;
    %jmp T_2.1;
T_2.0 ;
    %load/vec4 v0x55e448e66180_0;
    %assign/vec4 v0x55e448e66080_0, 0;
    %load/vec4 v0x55e448e66180_0;
    %flag_set/vec4 8;
    %jmp/0xz  T_2.2, 8;
    %load/vec4 v0x55e448e66520_0;
    %concati/vec4 3, 0, 2;
    %pad/u 10;
    %ix/vec4 4;
    %load/vec4a v0x55e448e66390, 4;
    %load/vec4 v0x55e448e66520_0;
    %concati/vec4 2, 0, 2;
    %pad/u 10;
    %ix/vec4 4;
    %load/vec4a v0x55e448e66390, 4;
    %concat/vec4; draw_concat_vec4
    %load/vec4 v0x55e448e66520_0;
    %concati/vec4 1, 0, 2;
    %pad/u 10;
    %ix/vec4 4;
    %load/vec4a v0x55e448e66390, 4;
    %concat/vec4; draw_concat_vec4
    %load/vec4 v0x55e448e66520_0;
    %concati/vec4 0, 0, 2;
    %pad/u 10;
    %ix/vec4 4;
    %load/vec4a v0x55e448e66390, 4;
    %concat/vec4; draw_concat_vec4
    %assign/vec4 v0x55e448e65fb0_0, 0;
T_2.2 ;
T_2.1 ;
    %jmp T_2;
    .thread T_2;
    .scope S_0x55e448e66660;
T_3 ;
    %wait E_0x55e448e1cab0;
    %load/vec4 v0x55e448e66f80_0;
    %nor/r;
    %flag_set/vec4 8;
    %jmp/0xz  T_3.0, 8;
    %pushi/vec4 0, 0, 1;
    %assign/vec4 v0x55e448e66ab0_0, 0;
    %pushi/vec4 0, 0, 32;
    %assign/vec4 v0x55e448e66a10_0, 0;
    %jmp T_3.1;
T_3.0 ;
    %load/vec4 v0x55e448e66bb0_0;
    %assign/vec4 v0x55e448e66ab0_0, 0;
    %load/vec4 v0x55e448e66bb0_0;
    %flag_set/vec4 8;
    %jmp/0xz  T_3.2, 8;
    %load/vec4 v0x55e448e66d70_0;
    %or/r;
    %flag_set/vec4 8;
    %jmp/0xz  T_3.4, 8;
    %load/vec4 v0x55e448e66d70_0;
    %parti/s 1, 0, 2;
    %flag_set/vec4 8;
    %jmp/0xz  T_3.6, 8;
    %load/vec4 v0x55e448e66c80_0;
    %parti/s 8, 0, 2;
    %load/vec4 v0x55e448e67020_0;
    %concati/vec4 0, 0, 2;
    %pad/u 10;
    %ix/vec4 3;
    %ix/load 4, 0, 0; Constant delay
    %assign/vec4/a/d v0x55e448e66ee0, 0, 4;
T_3.6 ;
    %load/vec4 v0x55e448e66d70_0;
    %parti/s 1, 1, 2;
    %flag_set/vec4 8;
    %jmp/0xz  T_3.8, 8;
    %load/vec4 v0x55e448e66c80_0;
    %parti/s 8, 8, 5;
    %load/vec4 v0x55e448e67020_0;
    %concati/vec4 1, 0, 2;
    %pad/u 10;
    %ix/vec4 3;
    %ix/load 4, 0, 0; Constant delay
    %assign/vec4/a/d v0x55e448e66ee0, 0, 4;
T_3.8 ;
    %load/vec4 v0x55e448e66d70_0;
    %parti/s 1, 2, 3;
    %flag_set/vec4 8;
    %jmp/0xz  T_3.10, 8;
    %load/vec4 v0x55e448e66c80_0;
    %parti/s 8, 16, 6;
    %load/vec4 v0x55e448e67020_0;
    %concati/vec4 2, 0, 2;
    %pad/u 10;
    %ix/vec4 3;
    %ix/load 4, 0, 0; Constant delay
    %assign/vec4/a/d v0x55e448e66ee0, 0, 4;
T_3.10 ;
    %load/vec4 v0x55e448e66d70_0;
    %parti/s 1, 3, 3;
    %flag_set/vec4 8;
    %jmp/0xz  T_3.12, 8;
    %load/vec4 v0x55e448e66c80_0;
    %parti/s 8, 24, 6;
    %load/vec4 v0x55e448e67020_0;
    %concati/vec4 3, 0, 2;
    %pad/u 10;
    %ix/vec4 3;
    %ix/load 4, 0, 0; Constant delay
    %assign/vec4/a/d v0x55e448e66ee0, 0, 4;
T_3.12 ;
    %jmp T_3.5;
T_3.4 ;
    %load/vec4 v0x55e448e67020_0;
    %concati/vec4 3, 0, 2;
    %pad/u 10;
    %ix/vec4 4;
    %load/vec4a v0x55e448e66ee0, 4;
    %load/vec4 v0x55e448e67020_0;
    %concati/vec4 2, 0, 2;
    %pad/u 10;
    %ix/vec4 4;
    %load/vec4a v0x55e448e66ee0, 4;
    %concat/vec4; draw_concat_vec4
    %load/vec4 v0x55e448e67020_0;
    %concati/vec4 1, 0, 2;
    %pad/u 10;
    %ix/vec4 4;
    %load/vec4a v0x55e448e66ee0, 4;
    %concat/vec4; draw_concat_vec4
    %load/vec4 v0x55e448e67020_0;
    %concati/vec4 0, 0, 2;
    %pad/u 10;
    %ix/vec4 4;
    %load/vec4a v0x55e448e66ee0, 4;
    %concat/vec4; draw_concat_vec4
    %assign/vec4 v0x55e448e66a10_0, 0;
T_3.5 ;
T_3.2 ;
T_3.1 ;
    %jmp T_3;
    .thread T_3;
    .scope S_0x55e448e673d0;
T_4 ;
    %wait E_0x55e448e1cab0;
    %load/vec4 v0x55e448e67be0_0;
    %nor/r;
    %flag_set/vec4 8;
    %jmp/0xz  T_4.0, 8;
    %pushi/vec4 1, 0, 1;
    %assign/vec4 v0x55e448e67df0_0, 0;
    %pushi/vec4 0, 0, 1;
    %assign/vec4 v0x55e448e67eb0_0, 0;
    %pushi/vec4 0, 0, 16;
    %assign/vec4 v0x55e448e67b10_0, 0;
    %pushi/vec4 0, 0, 4;
    %assign/vec4 v0x55e448e67950_0, 0;
    %pushi/vec4 1023, 0, 10;
    %assign/vec4 v0x55e448e67d10_0, 0;
    %jmp T_4.1;
T_4.0 ;
    %load/vec4 v0x55e448e68050_0;
    %flag_set/vec4 9;
    %flag_get/vec4 9;
    %jmp/0 T_4.4, 9;
    %load/vec4 v0x55e448e67eb0_0;
    %nor/r;
    %and;
T_4.4;
    %flag_set/vec4 8;
    %jmp/0xz  T_4.2, 8;
    %pushi/vec4 1, 0, 1;
    %load/vec4 v0x55e448e67f70_0;
    %concat/vec4; draw_concat_vec4
    %concati/vec4 0, 0, 1;
    %assign/vec4 v0x55e448e67d10_0, 0;
    %pushi/vec4 1, 0, 1;
    %assign/vec4 v0x55e448e67eb0_0, 0;
    %pushi/vec4 0, 0, 4;
    %assign/vec4 v0x55e448e67950_0, 0;
    %pushi/vec4 0, 0, 16;
    %assign/vec4 v0x55e448e67b10_0, 0;
    %jmp T_4.3;
T_4.2 ;
    %load/vec4 v0x55e448e67eb0_0;
    %flag_set/vec4 8;
    %jmp/0xz  T_4.5, 8;
    %load/vec4 v0x55e448e67b10_0;
    %pad/u 32;
    %cmpi/e 433, 0, 32;
    %jmp/0xz  T_4.7, 4;
    %pushi/vec4 0, 0, 16;
    %assign/vec4 v0x55e448e67b10_0, 0;
    %load/vec4 v0x55e448e67d10_0;
    %parti/s 1, 0, 2;
    %assign/vec4 v0x55e448e67df0_0, 0;
    %pushi/vec4 1, 0, 1;
    %load/vec4 v0x55e448e67d10_0;
    %parti/s 9, 1, 2;
    %concat/vec4; draw_concat_vec4
    %assign/vec4 v0x55e448e67d10_0, 0;
    %load/vec4 v0x55e448e67950_0;
    %addi 1, 0, 4;
    %assign/vec4 v0x55e448e67950_0, 0;
    %load/vec4 v0x55e448e67950_0;
    %cmpi/e 9, 0, 4;
    %jmp/0xz  T_4.9, 4;
    %pushi/vec4 0, 0, 1;
    %assign/vec4 v0x55e448e67eb0_0, 0;
T_4.9 ;
    %jmp T_4.8;
T_4.7 ;
    %load/vec4 v0x55e448e67b10_0;
    %addi 1, 0, 16;
    %assign/vec4 v0x55e448e67b10_0, 0;
T_4.8 ;
T_4.5 ;
T_4.3 ;
T_4.1 ;
    %jmp T_4;
    .thread T_4;
    .scope S_0x55e448e671a0;
T_5 ;
    %wait E_0x55e448e1cab0;
    %load/vec4 v0x55e448e68830_0;
    %nor/r;
    %flag_set/vec4 8;
    %jmp/0xz  T_5.0, 8;
    %pushi/vec4 0, 0, 1;
    %assign/vec4 v0x55e448e68450_0, 0;
    %pushi/vec4 0, 0, 32;
    %assign/vec4 v0x55e448e68380_0, 0;
    %pushi/vec4 0, 0, 1;
    %assign/vec4 v0x55e448e68b00_0, 0;
    %pushi/vec4 0, 0, 8;
    %assign/vec4 v0x55e448e68a30_0, 0;
    %jmp T_5.1;
T_5.0 ;
    %pushi/vec4 0, 0, 1;
    %assign/vec4 v0x55e448e68b00_0, 0;
    %load/vec4 v0x55e448e68550_0;
    %assign/vec4 v0x55e448e68450_0, 0;
    %load/vec4 v0x55e448e68550_0;
    %flag_set/vec4 8;
    %jmp/0xz  T_5.2, 8;
    %load/vec4 v0x55e448e686c0_0;
    %or/r;
    %flag_set/vec4 8;
    %jmp/0xz  T_5.4, 8;
    %load/vec4 v0x55e448e68620_0;
    %parti/s 8, 0, 2;
    %assign/vec4 v0x55e448e68a30_0, 0;
    %pushi/vec4 1, 0, 1;
    %assign/vec4 v0x55e448e68b00_0, 0;
    %jmp T_5.5;
T_5.4 ;
    %pushi/vec4 0, 0, 31;
    %load/vec4 v0x55e448e688d0_0;
    %concat/vec4; draw_concat_vec4
    %assign/vec4 v0x55e448e68380_0, 0;
T_5.5 ;
T_5.2 ;
T_5.1 ;
    %jmp T_5;
    .thread T_5;
    .scope S_0x55e448e37650;
T_6 ;
    %pushi/vec4 0, 0, 1;
    %store/vec4 v0x55e448e6a7b0_0, 0, 1;
    %pushi/vec4 1, 0, 1;
    %store/vec4 v0x55e448e6a850_0, 0, 1;
    %end;
    .thread T_6, $init;
    .scope S_0x55e448e37650;
T_7 ;
    %delay 10000, 0;
    %load/vec4 v0x55e448e6a7b0_0;
    %inv;
    %store/vec4 v0x55e448e6a7b0_0, 0, 1;
    %jmp T_7;
    .thread T_7;
    .scope S_0x55e448e37650;
T_8 ;
    %vpi_call/w 3 9 "$dumpfile", "mini_soc.vcd" {0 0 0};
    %vpi_call/w 3 10 "$dumpvars", 32'sb00000000000000000000000000000000, S_0x55e448e37650 {0 0 0};
    %pushi/vec4 4, 0, 32;
T_8.0 %dup/vec4;
    %cmpi/s 0, 0, 32;
    %jmp/1xz T_8.1, 5;
    %jmp/1 T_8.1, 4;
    %subi 1, 0, 32;
    %wait E_0x55e448e1cf20;
    %jmp T_8.0;
T_8.1 ;
    %pop/vec4 1;
    %pushi/vec4 0, 0, 1;
    %store/vec4 v0x55e448e6a850_0, 0, 1;
    %pushi/vec4 6000, 0, 32;
T_8.2 %dup/vec4;
    %cmpi/s 0, 0, 32;
    %jmp/1xz T_8.3, 5;
    %jmp/1 T_8.3, 4;
    %subi 1, 0, 32;
    %wait E_0x55e448e1cf20;
    %jmp T_8.2;
T_8.3 ;
    %pop/vec4 1;
    %ix/load 4, 0, 0;
    %flag_set/imm 4, 0;
    %load/vec4a v0x55e448e66ee0, 4;
    %cmpi/e 239, 0, 8;
    %flag_get/vec4 4;
    %jmp/0 T_8.8, 4;
    %ix/load 4, 1, 0;
    %flag_set/imm 4, 0;
    %load/vec4a v0x55e448e66ee0, 4;
    %pushi/vec4 190, 0, 8;
    %cmp/e;
    %flag_get/vec4 4;
    %and;
T_8.8;
    %flag_set/vec4 10;
    %flag_get/vec4 10;
    %jmp/0 T_8.7, 10;
    %ix/load 4, 2, 0;
    %flag_set/imm 4, 0;
    %load/vec4a v0x55e448e66ee0, 4;
    %pushi/vec4 173, 0, 8;
    %cmp/e;
    %flag_get/vec4 4;
    %and;
T_8.7;
    %flag_set/vec4 9;
    %flag_get/vec4 9;
    %jmp/0 T_8.6, 9;
    %ix/load 4, 3, 0;
    %flag_set/imm 4, 0;
    %load/vec4a v0x55e448e66ee0, 4;
    %pushi/vec4 222, 0, 8;
    %cmp/e;
    %flag_get/vec4 4;
    %and;
T_8.6;
    %flag_set/vec4 8;
    %jmp/0xz  T_8.4, 8;
    %vpi_call/w 3 16 "$display", "PASS: SRAM write/read-back correct (0xDEADBEEF)" {0 0 0};
    %jmp T_8.5;
T_8.4 ;
    %vpi_call/w 3 18 "$display", "FAIL: SRAM contents = %02x%02x%02x%02x", &A<v0x55e448e66ee0, 3>, &A<v0x55e448e66ee0, 2>, &A<v0x55e448e66ee0, 1>, &A<v0x55e448e66ee0, 0> {0 0 0};
T_8.5 ;
    %ix/load 4, 3, 0;
    %flag_set/imm 4, 0;
    %load/vec4a v0x55e448e66390, 4;
    %ix/load 4, 2, 0;
    %flag_set/imm 4, 0;
    %load/vec4a v0x55e448e66390, 4;
    %concat/vec4; draw_concat_vec4
    %ix/load 4, 1, 0;
    %flag_set/imm 4, 0;
    %load/vec4a v0x55e448e66390, 4;
    %concat/vec4; draw_concat_vec4
    %ix/load 4, 0, 0;
    %flag_set/imm 4, 0;
    %load/vec4a v0x55e448e66390, 4;
    %concat/vec4; draw_concat_vec4
    %vpi_call/w 3 20 "$display", "INFO: ROM word 0 read as 0x%08x (expect 0x0000006f = j 0)", S<0,vec4,u32> {1 0 0};
    %vpi_call/w 3 22 "$display", "INFO: uart_tx settled at %b (idle-high expected)", v0x55e448e6a910_0 {0 0 0};
    %vpi_call/w 3 23 "$finish" {0 0 0};
    %end;
    .thread T_8;
# The file index is used to find the file name in the following table.
:file_names 11;
    "N/A";
    "<interactive>";
    "-";
    "tb_top.v";
    "top_sim.v";
    "../src/mem_bridge.v";
    "mock_cpu.v";
    "../src/rom_axi.v";
    "../src/sram_axi.v";
    "../src/uart_axi.v";
    "../src/uart_tx.v";
