195 nets failed to route:
 _5048_[2_bF$buf39]
 u_cpu.cpuregs[23][25]
 _6940_
 _5111_[2_bF$buf10]
 _12157__bF$buf4
 _5048_[0_bF$buf2]
 _11371__bF$buf0
 _9344_
 _11001_
 _5111_[2_bF$buf68]
 _12161__bF$buf6
 _5048_[2_bF$buf50]
 _10739__bF$buf4
 _6956_
 _10422__bF$buf5
 u_cpu.cpuregs[16][8]
 _5111_[1_bF$buf3]
 _5048_[2_bF$buf55]
 _5111_[0_bF$buf4]
 _11228_
 _10741__bF$buf4
 _10422__bF$buf11
 _11662_
 u_cpu.cpuregs[3][5]
 _5111_[2_bF$buf45]
 _11295__bF$buf7
 _5111_[0_bF$buf6]
 _11540__bF$buf2
 _12061_
 _10319__bF$buf1
 _9425_
 _5111_[2_bF$buf11]
 _6300_
 _5749_
 _7740__bF$buf4
 _5111_[2_bF$buf46]
 _10423__hier0_bF$buf5
 _7738__bF$buf0
 u_cpu.cpuregs[7][11]
 _7738__bF$buf5
 _11417__bF$buf4
 _5111_[4_bF$buf2]
 clk_bF$buf43
 _5048_[2_bF$buf42]
 u_cpu.cpuregs[9][28]
 _8291_
 u_cpu.cpuregs[21][27]
 _5576_
 _10071_
 _7748__bF$buf7
 u_cpu.cpuregs[5][16]
 u_cpu.cpuregs[11][19]
 _11567_
 _7742_
 _5048_[2_bF$buf17]
 _10422__bF$buf10
 _11378__bF$buf1
 _5111_[3_bF$buf2]
 _5048_[0_bF$buf8]
 _11295__bF$buf10_bF$buf1
 _5048_[1_bF$buf0]
 _5111_[3]
 _5048_[2_bF$buf27]
 _5111_[0_bF$buf11]
 u_cpu.cpuregs[21][1]
 clk_bF$buf178
 _11164_
 _12154__bF$buf9_bF$buf0
 _7566_
 _11385__bF$buf4
 _10741__bF$buf3
 _5048_[2_bF$buf22]
 _7748__bF$buf9
 _5048_[2_bF$buf1]
 _5111_[0]
 _5111_[3_bF$buf8]
 _10425__bF$buf4
 _8817_
 u_cpu.cpuregs[6][18]
 u_cpu.pcpi_rs1[17]
 _12821_
 _10000_
 _11228__bF$buf1
 _5111_[4_bF$buf4]
 _6584_
 _12145__bF$buf36
 _5048_[2_bF$buf54]
 _5111_[2_bF$buf18]
 _11411__bF$buf1
 _10319__bF$buf2
 _11295__bF$buf6
 u_cpu.cpuregs[21][29]
 _11164__bF$buf2
 _5111_[2_bF$buf14]
 u_cpu.pcpi_rs1[19]
 u_cpu.pcpi_rs1[23]
 _5048_[3_bF$buf5]
 _10871__bF$buf8
 _10422__bF$buf0
 _5048_[3_bF$buf1]
 _5111_[2_bF$buf64]
 _11156_
 _11001__bF$buf7
 _5111_[1_bF$buf0]
 _5048_[1_bF$buf3]
 _5048_[1_bF$buf6]
 _5048_[2_bF$buf53]
 _11498_
 _5111_[2_bF$buf12]
 _5048_[0_bF$buf7]
 u_cpu.cpuregs[8][26]
 _10414_
 u_cpu.cpuregs[16][18]
 u_sram.mem[11][31]
 _5048_[3_bF$buf6]
 _5048_[4_bF$buf2]
 _12749_
 _5048_[2_bF$buf43]
 _11295__bF$buf13_bF$buf0
 _12157__bF$buf0
 _11295__bF$buf4
 _8910_
 _5048_[2_bF$buf12]
 _5048_[1_bF$buf4]
 _5048_[2_bF$buf58]
 _5111_[0_bF$buf10]
 _5111_[2_bF$buf7]
 _5111_[2_bF$buf31]
 _5111_[2_bF$buf28]
 _10032_
 _7517_
 _5111_[1_bF$buf1]
 _7519_
 _5048_[2_bF$buf45]
 _5048_[0_bF$buf9]
 _5048_[2_bF$buf10]
 _5111_[2_bF$buf38]
 _5111_[3_bF$buf1]
 _5048_[2_bF$buf59]
 _12145__bF$buf14
 _10075_
 mem_wdata[15]
 _5111_[0_bF$buf12]
 _5111_[2_bF$buf60]
 _5048_[2_bF$buf56]
 _5048_[2_bF$buf36]
 u_cpu.cpuregs[23][17]
 _5111_[2_bF$buf35]
 _5048_[3_bF$buf3]
 _5048_[4_bF$buf6]
 _5111_[2_bF$buf51]
 _5111_[2_bF$buf1]
 _7748__bF$buf3
 _5111_[0_bF$buf14]
 _10990_
 u_cpu.cpuregs[16][19]
 _5111_[0_bF$buf5]
 _14120_
 _12145__bF$buf5
 _5111_[1_bF$buf8]
 u_cpu.cpuregs[24][15]
 _5111_[0_bF$buf3]
 _11329__bF$buf6
 _12145_
 _12718_
 _11378__bF$buf2
 clk_bF$buf44
 _10382__bF$buf2
 _5048_[0_bF$buf6]
 u_cpu.cpuregs[6][31]
 _11065__bF$buf3
 _7370_
 _7748__bF$buf2
 _5111_[1_bF$buf5]
 _3861__bF$buf5
 _12612_
 _10935__bF$buf1
 _10425__bF$buf3
 _8542_
 _5048_[3_bF$buf0]
 _10249_
 u_cpu.cpuregs[18][27]
 _8656_
 _5111_[2_bF$buf17]
 u_cpu.cpu_state[6_bF$buf1]
 _5111_[2_bF$buf24]
 _5111_[1_bF$buf4]
 _5048_[2_bF$buf47]
 _3014__bF$buf19
 _175__bF$buf4
 _3612_
 _10805_
 _10422__bF$buf7
 _8640_
 u_cpu.cpuregs[20][27]
